// Jest Snapshot v1, https://goo.gl/fbAQLP

exports[`search component renders search 1`] = `<search />`;
