// Jest Snapshot v1, https://goo.gl/fbAQLP

exports[`Song component renders Song 1`] = `
<Fragment>
  <Link
    to="/lyrics/undefined/undefined"
  >
    <h3 />
  </Link>
</Fragment>
`;
